_analyze_common
_analyze_datawindow
_analyze_pie
_arc
_arc_w
_arc_w_87
_arc_wxy
_clearscreen
_displaycursor
_ellipse
_ellipse_w
_ellipse_w_87
_ellipse_wxy
_flood_is_visited
_flood_visit
_floodfill
_floodfill_w
_floodfill_w_87
_getactivepage
_getarcinfo
_getbitmap
_getbkcolor
_getcliprgn
_getcolor
_getcurrentposition
_getcurrentposition_w
_getfillmask
_getfontinfo
_getgtextextent
_getgtextvector
_getimage
_getimage_w
_getimage_w_87
_getimage_wxy
_getlinestyle
_getphyscoord
_getpixel
_getpixel_w
_getpixel_w_87
_getplotaction
_gettextcolor
_gettextcursor
_gettextextent
_gettextposition
_gettextsettings
_gettextwindow
_getvideoconfig
_getviewcoord
_getviewcoord_w
_getviewcoord_w_87
_getviewcoord_wxy
_getvisualpage
_getwindowcoord
_grstatus
_grtext
_grtext_w
_grtext_w_87
_imagesize
_imagesize_w
_imagesize_w_87
_imagesize_wxy
_lineto
_lineto_w
_lineto_w_87
_moveto
_moveto_w
_moveto_w_87
_outgtext
_outmem
_outtext
_pg_analyzechart
_pg_analyzechartms
_pg_analyzepie
_pg_analyzescatter
_pg_analyzescatterms
_pg_autoscale
_pg_chart
_pg_chartms
_pg_chartpie
_pg_chartscatter
_pg_chartscatterms
_pg_defaultchart
_pg_getchardef
_pg_getpalette
_pg_getstyleset
_pg_hlabelchart
_pg_initchart
_pg_line
_pg_resetpalette
_pg_resetstyleset
_pg_scale
_pg_setchardef
_pg_setpalette
_pg_setstyleset
_pg_vlabelchart
_pg_window
_pie
_pie_w
_pie_w_87
_pie_wxy
_polygon
_polygon_w
_polygon_wxy
_putimage
_putimage_w
_putimage_w_87
_rectangle
_rectangle_w
_rectangle_w_87
_rectangle_wxy
_registerfonts
_remapallpalette
_remappalette
_resetscalefactor
_scrolltextwindow
_selectpalette
_setactivepage
_setbkcolor
_setcharsize
_setcharsize_w
_setcharsize_w_87
_setcharspacing
_setcharspacing_w
_setcharspacing_w_87
_setclip
_setcliprgn
_setcolor
_setfillmask
_setfont
_setgtextvector
_setlinestyle
_setpixel
_setpixel_w
_setpixel_w_87
_setplotaction
_setstylewrap
_settextalign
_settextcolor
_settextcursor
_settextorient
_settextpath
_settextposition
_settextrows
_settextwindow
_settransparency
_setvideomode
_setvideomoderows
_setvieworg
_setviewport
_setvisualpage
_setwindow
_setwindow_87
_sLabelLength
_sMaxLabelWidth
_unregisterfonts
_wrapon
sqrtf
