__isascii
__iscsym
__iscsymf
_argc
_argv
_asctime
_assert
_atouni
_beginthread
_bgetcmd
_bprintf
_cmdname
_control87
_controlfp
_cstart
_dieeetomsbin
_disable
_dmsbintoieee
_dopen
_enable
_endthread
_fdopen
_fgetchar
_fieeetomsbin
_fltused
_fmode
_fmsbintoieee
_fpreset
_fputchar
_fsopen
_fullpath
_get_osfhandle
_getw
_grow_handles
_hdopen
_iomode
_itoa
_lrotl
_lrotr
_ltoa
_open_osfhandle
_os_handle
_plib_free
_plib_malloc
_putw
_rotl
_rotr
_setjmp
_small_code
_snprintf
_strdup
_stricmp
_stricoll
_strlwr
_strncoll
_strnicmp
_strnicoll
_strnset
_strrev
_strset
_strspnp
_strupr
_tolower
_toupper
_ultoa
_utoa
_vbprintf
_vsnprintf
_w_fsopen
_wcsdup
_wenviron
abort
abs
atoi
atol
bcmp
bcopy
bsearch
bzero
calloc
clearenv
clearerr
cprintf
cputs
creat
cscanf
div
environ
eof
fclose
fcloseall
fdopen
feof
ferror
fflush
fgetc
fgetchar
fgetpos
fgets
filelength
fileno
flushall
fopen
fprintf
fputc
fputchar
fputs
fread
freopen
fscanf
fseek
fsetpos
fsync
ftell
fwrite
getc
getchar
getcmd
gets
inp
inpd
inpw
int386
int386x
intr
isalnum
isalpha
isascii
iscntrl
iscsym
iscsymf
isdigit
isgraph
islower
isprint
ispunct
isspace
isupper
iswalnum
iswalpha
iswascii
iswcntrl
iswdigit
iswgraph
iswlower
iswprint
iswpunct
iswspace
iswupper
iswxdigit
isxdigit
itoa
labs
ldiv
lfind
localeconv
longjmp
lsearch
ltoa
max
memccpy
memchr
memcmp
memcpy
memicmp
memmove
memset
min
movedata
onexit
outp
outpd
outpw
perror
printf
putc
putchar
puts
qsort
rand
remove
rewind
scanf
segread
setbuf
setlocale
setmode
setvbuf
sleep
sprintf
srand
sscanf
strcat
strchr
strcmp
strcmpi
strcoll
strcpy
strcspn
strdup
strerror
strftime
stricmp
strlen
strlwr
strncat
strncmp
strncpy
strnicmp
strnset
strpbrk
strrchr
strrev
strset
strspn
strspnp
strstr
strtok
strtol
strtoul
strupr
strxfrm
swab
tmpfile
tmpnam
tolower
toupper
towlower
towupper
ultoa
utoa
vcprintf
vcscanf
vfprintf
vfscanf
vprintf
vscanf
vsscanf
