__isascii
__iscsym
__iscsymf
__wasctime
__wctime
_access
_asctime
_assert
_atouni
_beginthread
_bgetcmd
_bprintf
_bwprintf
_close
_cmdname
_control87
_controlfp
_cstart
_cstartw
_ctime
_cwait
_d2ttime
_dieeetomsbin
_disable
_dmsbintoieee
_dopen
_dos_allocmem
_dos_close
_dos_commit
_dos_creat
_dos_creatnew
_dos_findclose
_dos_findfirst
_dos_findnext
_dos_freemem
_dos_getdate
_dos_getdiskfree
_dos_getdrive
_dos_getfileattr
_dos_getftime
_dos_gettime
_dos_open
_dos_read
_dos_setdate
_dos_setdrive
_dos_setfileattr
_dos_setftime
_dos_settime
_dos_write
_dosret0
_dosretax
_dup
_dwDeleteOnClose
_dwSetAboutDlg
_dwSetAppTitle
_dwSetConTitle
_dwShutDown
_dwYield
_enable
_endthread
_exit
_expand
_fbtom
_fdopen
_fgetchar
_fgetwchar
_fieeetomsbin
_filelengthi64
_findclose
_findfirst
_findfirsti64
_findnext
_findnexti64
_fjgetmoji
_fjputmoji
_fjstradv
_fjstrcat
_fjstrchr
_fjstrcmp
_fjstrcspn
_fjstricmp
_fjstrlen
_fjstrlwr
_fjstrmatch
_fjstrncat
_fjstrncmp
_fjstrncpy
_fjstrnicmp
_fjstrnset
_fjstrrchr
_fjstrrev
_fjstrset
_fjstrskip
_fjstrspn
_fjstrstr
_fjstrtok
_fjstrupr
_fltused
_fmbccmp
_fmbccpy
_fmbcicmp
_fmbclen
_fmbgetcode
_fmblen
_fmbputchar
_fmbrlen
_fmbrtowc
_fmbsbtype
_fmbscat
_fmbschr
_fmbscmp
_fmbscpy
_fmbscspn
_fmbsdec
_fmbsdup
_fmbsicmp
_fmbsinc
_fmbslen
_fmbslwr
_fmbsnbcat
_fmbsnbcmp
_fmbsnbcnt
_fmbsnbcpy
_fmbsnbicmp
_fmbsnbset
_fmbsncat
_fmbsnccnt
_fmbsncmp
_fmbsncpy
_fmbsnextc
_fmbsnicmp
_fmbsninc
_fmbsnset
_fmbspbrk
_fmbsrchr
_fmbsrev
_fmbsrtowcs
_fmbsset
_fmbsspn
_fmbsspnp
_fmbsstr
_fmbstok
_fmbstowcs
_fmbsupr
_fmbterm
_fmbtowc
_fmbvtop
_fmemccpy
_fmemchr
_fmemcmp
_fmemcpy
_fmemicmp
_fmemmove
_fmemset
_fmsbintoieee
_fmtob
_fnthctype
_fpreset
_fputchar
_fputwchar
_freect
_fsopen
_fstat
_fstati64
_fstrcat
_fstrchr
_fstrcmp
_fstrcpy
_fstrcspn
_fstrdup
_fstricmp
_fstrlen
_fstrlwr
_fstrncat
_fstrncmp
_fstrncpy
_fstrnicmp
_fstrnset
_fstrpbrk
_fstrrchr
_fstrrev
_fstrset
_fstrspn
_fstrspnp
_fstrstr
_fstrtok
_fstrupr
_ftime
_fullpath
_fwcrtomb
_fwcsrtombs
_fwcstombs
_fwctomb
_get_osfhandle
_getch
_getche
_getcwd
_getdcwd
_getdiskfree
_getdrive
_getmbcp
_getw
_getws
_gmtime
_grow_handles
_hdopen
_heapchk
_heapenable
_heapgrow
_heapmin
_heapset
_heapshrink
_heapwalk
_ismbbalnum
_ismbbalpha
_ismbbgraph
_ismbbkalnum
_ismbbkalpha
_ismbbkana
_ismbbkprint
_ismbbkpunct
_ismbblead
_ismbbprint
_ismbbpunct
_ismbbtrail
_ismbcalnum
_ismbcalpha
_ismbccntrl
_ismbcdigit
_ismbcgraph
_ismbchira
_ismbckata
_ismbcl0
_ismbcl1
_ismbcl2
_ismbclegal
_ismbclower
_ismbcprint
_ismbcpunct
_ismbcspace
_ismbcsymbol
_ismbcupper
_ismbcxdigit
_ismbdalnum
_ismbdalpha
_ismbddigit
_ismbdgraph
_ismbdhira
_ismbdkana
_ismbdlower
_ismbdprint
_ismbdpunct
_ismbdspace
_ismbdupper
_ismbdxdigit
_itoa
_itow
_localtime
_locking
_lrotl
_lrotr
_lseek
_lseeki64
_ltoa
_ltow
_makepath
_mbbtombc
_mbbtype
_mbccmp
_mbccpy
_mbcicmp
_mbcjistojms
_mbcjmstojis
_mbclen
_mbctohira
_mbctokata
_mbctolower
_mbctombb
_mbctoupper
_mbdhantozen
_mbdtolower
_mbdtoupper
_mbdzentohan
_mbgetcode
_mbputchar
_mbsbtype
_mbscat
_mbschr
_mbscmp
_mbscoll
_mbscpy
_mbscspn
_mbsdec
_mbsdup
_mbsicmp
_mbsicoll
_mbsinc
_mbslen
_mbslwr
_mbsnbcat
_mbsnbcmp
_mbsnbcnt
_mbsnbcoll
_mbsnbcpy
_mbsnbicmp
_mbsnbicoll
_mbsnbset
_mbsncat
_mbsnccnt
_mbsncmp
_mbsncoll
_mbsncpy
_mbsnextc
_mbsnicmp
_mbsnicoll
_mbsninc
_mbsnset
_mbspbrk
_mbsrchr
_mbsrev
_mbsset
_mbsspn
_mbsspnp
_mbsstr
_mbstok
_mbsupr
_mbterm
_mbvtop
_memavl
_memicmp
_memmax
_mkdir
_msize
_ncalloc
_nexpand
_nfree
_nheapchk
_nheapgrow
_nheapmin
_nheapset
_nheapshrink
_nheapwalk
_nmalloc
_nmsize
_nrealloc
_open
_open_osfhandle
_opendir
_os_handle
_pclose
_pipe
_plib_free
_plib_malloc
_popen
_putenv
_putw
_putws
_rotl
_rotr
_searchenv
_setenv
_setjmp
_setmbcp
_small_code
_snprintf
_snwprintf
_splitpath
_splitpath2
_stat
_stati64
_stprintf
_strdate
_strdup
_stricmp
_stricoll
_strlwr
_strncoll
_strnicmp
_strnicoll
_strnset
_strrev
_strset
_strspnp
_strtime
_strupr
_tccmp
_tccpy
_tclen
_tcschr
_tcsclen
_tcscmp
_tcscoll
_tcscspn
_tcsdec
_tcsicmp
_tcsicoll
_tcsinc
_tcslwr
_tcsnbcnt
_tcsncat
_tcsnccat
_tcsnccmp
_tcsnccnt
_tcsnccoll
_tcsnccpy
_tcsncicmp
_tcsncicoll
_tcsncmp
_tcsncoll
_tcsncpy
_tcsncset
_tcsnextc
_tcsnicmp
_tcsnicoll
_tcsninc
_tcsnset
_tcspbrk
_tcsrchr
_tcsrev
_tcsset
_tcsspn
_tcsspnp
_tcsstr
_tcstok
_tcsupr
_telli64
_tempnam
_tolower
_toupper
_tzset
_ultoa
_ultow
_usprintf
_ustrtok
_utime
_utoa
_utow
_uvsprintf
_vbprintf
_vbwprintf
_vsnprintf
_vsnwprintf
_w__opendir
_w_access
_w_fsopen
_w_fullpath
_w_makepath
_w_opendir
_w_splitpath
_w_splitpath2
_waccess
_wasctime
_wassert
_watoi
_watol
_wchdir
_wchmod
_wclosedir
_wcreat
_wcsdup
_wcsicmp
_wcsicoll
_wcslwr
_wcsncoll
_wcsnicmp
_wcsnicoll
_wcsnset
_wcsrev
_wcsset
_wcsspnp
_wcsupr
_wctime
_wdos_findclose
_wdos_findfirst
_wdos_findnext
_wexecl
_wexecle
_wexeclp
_wexeclpe
_wexecv
_wexecve
_wexecvp
_wexecvpe
_wfdopen
_wfindfirst
_wfindfirsti64
_wfindnext
_wfindnexti64
_wfopen
_wfreopen
_wfsopen
_wfstat
_wfstati64
_wfullpath
_wgetcwd
_wgetdcwd
_wgetenv
_witoa
_wltoa
_wmakepath
_wmkdir
_wopen
_wopendir
_wperror
_wpopen
_wputenv
_wreaddir
_wremove
_wrename
_wrewinddir
_wrmdir
_wsearchenv
_wsetenv
_wsetlocale
_wsopen
_wspawnl
_wspawnle
_wspawnlp
_wspawnlpe
_wspawnv
_wspawnve
_wspawnvp
_wspawnvpe
_wsplitpath
_wsplitpath2
_wstat
_wstati64
_wstrdate
_wstrftime_ms
_wstrtime
_wsystem
_wtempnam
_wtmpnam
_wtoi
_wtol
_wultoa
_wunlink
_wutime
_wutoa
abort
abs
access
asctime
atexit
atoi
atol
bcmp
bcopy
bsearch
btom
bzero
calloc
cgets
chdir
chkctype
chmod
chsize
clearenv
clearerr
clock
close
closedir
cprintf
cputs
creat
cscanf
ctime
cwait
delay
div
dup
dup2
eof
execl
execle
execlp
execlpe
execv
execve
execvp
execvpe
exit
fclose
fcloseall
fdopen
feof
ferror
fflush
fgetc
fgetchar
fgetpos
fgets
fgetwc
fgetwchar
fgetws
filelength
fileno
flushall
fopen
fprintf
fputc
fputchar
fputs
fputwc
fputwchar
fputws
fread
free
freopen
fscanf
fseek
fsetpos
fstat
fsync
ftell
ftime
fwprintf
fwrite
fwscanf
getc
getch
getchar
getche
getcmd
getcwd
getenv
getpid
gets
getwc
getwchar
getws
gmtime
hantozen
inp
inpd
inpw
isalnum
isalpha
isascii
isatty
iscntrl
iscsym
iscsymf
isdigit
isgraph
isleadbyte
islower
isprint
ispunct
isspace
isupper
iswalnum
iswalpha
iswascii
iswcntrl
iswctype
iswdigit
iswgraph
iswlower
iswprint
iswpunct
iswspace
iswupper
iswxdigit
isxdigit
itoa
jasctime
jctime
jgetmoji
jisalpha
jisdigit
jishira
jiskana
jiskigou
jisl0
jisl1
jisl2
jislower
jisprint
jisspace
jistojms
jisupper
jiszen
jmstojis
jperror
jputmoji
jstradv
jstrcat
jstrchr
jstrcmp
jstrcspn
jstrerror
jstricmp
jstrlen
jstrlwr
jstrmatch
jstrncat
jstrncmp
jstrncpy
jstrnicmp
jstrnset
jstrrchr
jstrrev
jstrset
jstrskip
jstrspn
jstrstr
jstrtok
jstrupr
jtohira
jtokata
jtolower
jtoupper
kbhit
labs
ldiv
lfind
localeconv
localtime
lock
locking
longjmp
lsearch
lseek
ltoa
malloc
max
mblen
mbrlen
mbrtowc
mbsrtowcs
mbstowcs
mbtowc
memccpy
memchr
memcmp
memcpy
memicmp
memmove
memset
min
mkdir
mktime
movedata
mtob
nthctype
onexit
open
opendir
outp
outpd
outpw
perror
printf
putc
putch
putchar
putenv
puts
putwc
putwchar
putws
qsort
raise
rand
read
readdir
realloc
remove
rename
rewind
rewinddir
rmdir
sbrk
scanf
segread
setbuf
setenv
setlocale
setmode
setvbuf
signal
sisinit
sleep
sopen
spawnl
spawnle
spawnlp
spawnlpe
spawnv
spawnve
spawnvp
spawnvpe
sprintf
srand
sscanf
stackavail
stat
strcat
strchr
strcmp
strcmpi
strcoll
strcpy
strcspn
strdup
strerror
strftime
stricmp
strlen
strlwr
strncat
strncmp
strncpy
strnicmp
strnset
strpbrk
strrchr
strrev
strset
strspn
strspnp
strstr
strtok
strtol
strtoul
strupr
strxfrm
swab
swprintf
swscanf
system
tell
time
tmpfile
tmpnam
tolower
toupper
towlower
towupper
tzset
ultoa
umask
ungetc
ungetch
ungetwc
unlink
unlock
utime
utoa
vcprintf
vcscanf
vfprintf
vfscanf
vfwprintf
vfwscanf
vprintf
vscanf
vsprintf
vsscanf
vswprintf
vswscanf
vwprintf
vwscanf
wait
wcrtomb
wcscat
wcschr
wcscmp
wcscmpi
wcscoll
wcscpy
wcscspn
wcserror
wcsftime
wcslen
wcsncat
wcsncmp
wcsncpy
wcspbrk
wcsrchr
wcsrtombs
wcsspn
wcsstr
wcstok
wcstol
wcstombs
wcstoul
wcsxfrm
wctob
wctomb
wctype
wprintf
write
wscanf
zentohan
