__isascii
__iscsym
__iscsymf
__wasctime
__wctime
_asctime
_assert
_atouni
_beginthread
_bgetcmd
_bprintf
_brk
_bwprintf
_cmdname
_control87
_controlfp
_cstart
_ctime
_dieeetomsbin
_disable
_dmsbintoieee
_dopen
_enable
_endthread
_exit
_expand
_fbtom
_fdopen
_fgetchar
_fgetwchar
_fieeetomsbin
_findenv
_fjgetmoji
_fjputmoji
_fltused
_fmemccpy
_fmemchr
_fmemcmp
_fmemcpy
_fmemicmp
_fmemmove
_fmemset
_fmsbintoieee
_fmtob
_fnthctype
_fpreset
_fputchar
_fputwchar
_freect
_fsopen
_fstrcat
_fstrchr
_fstrcmp
_fstrcpy
_fstrcspn
_fstrdup
_fstricmp
_fstrlen
_fstrlwr
_fstrncat
_fstrncmp
_fstrncpy
_fstrnicmp
_fstrnset
_fstrpbrk
_fstrrchr
_fstrrev
_fstrset
_fstrspn
_fstrspnp
_fstrstr
_fstrtok
_fstrupr
_fullpath
_getch
_getche
_getw
_getws
_gmtime
_grow_handles
_hdopen
_heapchk
_heapenable
_heapgrow
_heapmin
_heapset
_heapshrink
_heapwalk
_itoa
_itow
_localtime
_locking
_lrotl
_lrotr
_lseeki64
_lsleep
_ltoa
_ltow
_makepath
_mbcjistojms
_mbcjmstojis
_mbctohira
_mbctokata
_memavl
_memmax
_mmap
_msize
_ncalloc
_nexpand
_nfree
_nheapchk
_nheapgrow
_nheapmin
_nheapset
_nheapshrink
_nheapwalk
_nmalloc
_nmsize
_nrealloc
_open_osfhandle
_plib_free
_plib_malloc
_putenv
_putw
_putws
_rotl
_rotr
_searchenv
_select_receive
_setjmp
_sho_creat
_sho_open
_small_code
_snprintf
_snwprintf
_splitpath
_splitpath2
_stprintf
_strdate
_strdup
_stricmp
_stricoll
_strlwr
_strncoll
_strnicmp
_strnicoll
_strnset
_strrev
_strset
_strspnp
_strtime
_strupr
_tccmp
_tccpy
_tclen
_tcschr
_tcsclen
_tcscmp
_tcscoll
_tcscspn
_tcsdec
_tcsicmp
_tcsicoll
_tcsinc
_tcslwr
_tcsnbcnt
_tcsncat
_tcsnccat
_tcsnccmp
_tcsnccnt
_tcsnccoll
_tcsnccpy
_tcsncicmp
_tcsncicoll
_tcsncmp
_tcsncoll
_tcsncpy
_tcsncset
_tcsnextc
_tcsnicmp
_tcsnicoll
_tcsninc
_tcsnset
_tcspbrk
_tcsrchr
_tcsrev
_tcsset
_tcsspn
_tcsspnp
_tcsstr
_tcstok
_tcsupr
_telli64
_tolower
_toupper
_tzset
_ultoa
_ultow
_usprintf
_ustrtok
_utoa
_utow
_uvsprintf
_vbprintf
_vbwprintf
_vsnprintf
_vsnwprintf
_w_fsopen
_w_makepath
_w_splitpath
_w_splitpath2
_wasctime
_wassert
_watoi
_watol
_wcsdup
_wcsicmp
_wcsicoll
_wcslwr
_wcsncoll
_wcsnicmp
_wcsnicoll
_wcsnset
_wcsrev
_wcsset
_wcsspnp
_wcsupr
_wctime
_wfdopen
_wfopen
_wfreopen
_wfsopen
_wgetenv
_witoa
_wltoa
_wmakepath
_wperror
_wputenv
_wsetenv
_wsetlocale
_wsplitpath
_wsplitpath2
_wstrdate
_wstrftime_ms
_wstrtime
_wtoi
_wtol
_wultoa
_wutoa
abort
abs
abstimer
access
adj_time
alarm
asctime
atexit
atoh
atoi
atol
basename
bcmp
bcopy
block_read
block_write
brk
bsearch
btom
bzero
calloc
cfgetispeed
cfgetospeed
cfsetispeed
cfsetospeed
cgets
chdir
chkctype
chmod
chown
chroot
chsize
clearenv
clearerr
clock
clock_getres
clock_gettime
clock_setres
clock_settime
close
closedir
closelog
confstr
console_active
console_arm
console_close
console_ctrl
console_font
console_info
console_open
console_protocol
console_read
console_size
console_state
console_write
cprintf
cputs
creat
cscanf
ctermid
ctime
cuserid
delay
dev_arm
dev_fdinfo
dev_info
dev_insert_chars
dev_ischars
dev_mode
dev_osize
dev_read
dev_readex
dev_size
dev_state
disk_get_entry
disk_space
div
dup
dup2
eaccess
endgrent
endpwent
eof
execl
execle
execlp
execlpe
execv
execve
execvp
execvpe
exit
fchmod
fchown
fclose
fcloseall
fcntl
fdatasync
fdopen
feof
ferror
fflush
fgetc
fgetchar
fgetpos
fgets
fgetwc
fgetwchar
fgetws
filelength
fileno
find_syslogd
flushall
fnmatch
fopen
fork
fpathconf
fprintf
fputc
fputchar
fputs
fputwc
fputwchar
fputws
fread
free
freopen
fscanf
fseek
fsetpos
fstat
fsync
fsys_fdinfo
fsys_fstat
fsys_get_mount_dev
fsys_get_mount_pt
fsys_stat
ftell
ftime
fwprintf
fwrite
fwscanf
getc
getch
getchar
getche
getclock
getcmd
getcwd
getegid
getenv
geteuid
getgid
getgrent
getgrgid
getgrnam
getgroups
getlogin
getnid
getopt
getpgrp
getpid
getppid
getprio
getpwent
getpwnam
getpwuid
gets
getscheduler
getsid
gettimer
getuid
getwc
getwchar
getws
gmtime
hantozen
inp
inpd
input_line
inpw
int386
int386x
intr
isalnum
isalpha
isascii
isatty
iscntrl
iscsym
iscsymf
isdigit
isgraph
islower
isprint
ispunct
isspace
isupper
iswalnum
iswalpha
iswascii
iswcntrl
iswctype
iswdigit
iswgraph
iswlower
iswprint
iswpunct
iswspace
iswupper
iswxdigit
isxdigit
itoa
jasctime
jctime
jgetmoji
jisalpha
jisdigit
jishira
jiskana
jiskigou
jisl0
jisl1
jisl2
jislower
jisprint
jisspace
jistojms
jisupper
jiszen
jmstojis
jputmoji
jtohira
jtokata
jtolower
jtoupper
kbhit
kill
labs
ldiv
lfind
link
localeconv
localtime
lock
locking
longjmp
lsearch
lseek
lstat
ltoa
ltrunc
malloc
max
mblen
mbstowcs
mbtowc
memccpy
memchr
memcmp
memcpy
memicmp
memmove
memset
min
mincore
mkdir
mkfifo
mknod
mktime
mktimer
mmap
modem_open
modem_read
modem_script
modem_write
mount
mouse_close
mouse_flush
mouse_open
mouse_param
mouse_read
movedata
mprotect
mtob
munmap
nanosleep
need_usage
nice
nosound
nthctype
onexit
open
opendir
openlog
outp
outpd
outpw
pathconf
pause
pclose
perror
pipe
popen
print_usage
printf
putc
putch
putchar
putenv
puts
putwc
putwchar
putws
qnx_adj_time
qnx_device_attach
qnx_device_detach
qnx_display_hex
qnx_display_msg
qnx_fd_attach
qnx_fd_detach
qnx_fd_query
qnx_fullpath
qnx_getclock
qnx_getids
qnx_getpgflags
qnx_getpte
qnx_hint_attach
qnx_hint_detach
qnx_hint_mask
qnx_hint_query
qnx_hw_gettime
qnx_hw_settime
qnx_ioctl
qnx_ioctlmx
qnx_mlock
qnx_mmap
qnx_mprot
qnx_munmap
qnx_name_attach
qnx_name_detach
qnx_name_locate
qnx_name_locators
qnx_name_nodes
qnx_name_query
qnx_net_alive
qnx_nidtostr
qnx_osinfo
qnx_osstat
qnx_pflags
qnx_prefix_attach
qnx_prefix_detach
qnx_prefix_getroot
qnx_prefix_query
qnx_prefix_setroot
qnx_proxy_attach
qnx_proxy_detach
qnx_proxy_rem_attach
qnx_proxy_rem_detach
qnx_psinfo
qnx_scheduler
qnx_segment_alloc
qnx_segment_alloc_flags
qnx_segment_arm
qnx_segment_flags
qnx_segment_free
qnx_segment_get
qnx_segment_huge
qnx_segment_index
qnx_segment_info
qnx_segment_overlay
qnx_segment_overlay_flags
qnx_segment_priv
qnx_segment_put
qnx_segment_raw_alloc
qnx_segment_raw_free
qnx_segment_realloc
qnx_setclock
qnx_setids
qnx_setpgflags
qnx_sflags
qnx_sid_query
qnx_spawn
qnx_strtonid
qnx_sync
qnx_ticksize
qnx_timerperiod
qnx_trace_close
qnx_trace_info
qnx_trace_open
qnx_trace_read
qnx_trace_severity
qnx_trace_trigger
qnx_umask
qnx_vc_attach
qnx_vc_detach
qnx_vc_name_attach
qnx_vc_poll_parm
qsort
raise
rand
read
readdir
readlink
readv
realloc
regcomp
regerror
regexec
regfree
reltimer
remove
rename
RestoreStdHdl
rewind
rewinddir
rmdir
rmtimer
sbrk
scanf
sched_getparam
sched_getscheduler
sched_setparam
sched_setscheduler
sched_yield
searchenv
segread
select
sem_destroy
sem_init
sem_post
sem_trywait
sem_wait
setbuf
setclock
setegid
setenv
seteuid
setgid
setgrent
setlocale
setlogmask
setmode
setpgid
setprio
setpwent
setregid
setreuid
setscheduler
setsid
SetStdHdl
setuid
setvbuf
shm_open
shm_unlink
sigaction
sigaddset
sigaltstack
sigdelset
sigemptyset
sigfillset
sigismember
siglongjmp
signal
sigpending
sigprocmask
sigsuspend
sleep
sopen
sound
spawnl
spawnle
spawnlp
spawnlpe
spawnv
spawnve
spawnvp
spawnvpe
sprintf
srand
sscanf
stackavail
stat
strcat
strchr
strcmp
strcmpi
strcoll
strcpy
strcspn
strdup
strerror
strftime
stricmp
strlen
strlwr
strncat
strncmp
strncpy
strnicmp
strnset
strpbrk
strrchr
strrev
strset
strspn
strspnp
strstr
strtok
strtol
strtoul
strupr
strxfrm
swab
swprintf
swscanf
symlink
sync
sysconf
sysi86
syslog
system
tcdrain
tcdropline
tcflow
tcflush
tcgetattr
tcgetpgrp
tcsendbreak
tcsetattr
tcsetct
tcsetpgrp
tell
tfork
time
timer_create
timer_delete
timer_gettime
timer_settime
times
tmpfile
tmpnam
tolower
toupper
towlower
towupper
ttyname
tzset
ultoa
umask
umount
uname
ungetc
ungetch
ungetwc
unlink
unlock
unsetenv
utime
utoa
vcprintf
vcscanf
vfprintf
vfscanf
vfwprintf
vfwscanf
vprintf
vscanf
vsprintf
vsscanf
vswprintf
vswscanf
vsyslog
vwprintf
vwscanf
wait
waitpid
wcscat
wcschr
wcscmp
wcscmpi
wcscoll
wcscpy
wcscspn
wcsftime
wcslen
wcsncat
wcsncmp
wcsncpy
wcspbrk
wcsrchr
wcsspn
wcsstr
wcstok
wcstol
wcstombs
wcstoul
wcsxfrm
wctomb
wctype
wprintf
write
writev
wscanf
zentohan
